/network_interface_i/network_interface__GC0:921676261
/adu_instances[2].adu_top_wrapper_1/adu_top_1/adcb_top_i/adc_top__parameterized4__GC0:263312113
/adu_instances[0].adu_top_wrapper_1/adu_top_1/ADU_top__GC0:3152530000
/adu_instances[2].adu_top_wrapper_1/adu_top_1/adca_top_i/adc_top__parameterized3__GC0:313844297
/adu_instances[0].adu_top_wrapper_1/adu_top_1/adca_top_i/ddr_8to1_16chan_rx_proc[0].chan_rx/ddr_8to1_16chan_rx_gcu__GC0:613525613
/synch_link_i/top_level__GC0:1948911172
/network_interface_i/payload_1/ipbus_subsys_i/ipbus_subsys__GB1:3585749988
/adu_instances[0].adu_top_wrapper_1/adu_top_1/adcb_top_i/adc_top__parameterized0__GC0:2485162215
/adu_instances[0].adu_top_wrapper_1/adu_top_1/adca_top_i/adc_top__GC0:1084713984
/top_gcu1f3__GC0:238037922
/adu_instances[0].adu_top_wrapper_1/adu_top_1/adcb_top_i/ddr_8to1_16chan_rx_proc[0].chan_rx/ddr_8to1_16chan_rx_gcu__parameterized0__GC0:930418262
/adu_instances[1].adu_top_wrapper_1/adu_top_1/adca_top_i/ddr_8to1_16chan_rx_proc[0].chan_rx/ddr_8to1_16chan_rx_gcu__parameterized1__GC0:4230602227
/adu_instances[1].adu_top_wrapper_1/adu_top_1/adcb_top_i/ddr_8to1_16chan_rx_proc[0].chan_rx/ddr_8to1_16chan_rx_gcu__parameterized2__GC0:2059251549
/network_interface_i/payload_1/ipbus_subsys_i/ipbus_subsys__GB0:2730296178
/adu_instances[1].adu_top_wrapper_1/adu_top_1/adcb_top_i/adc_top__parameterized2__GC0:3655873004
/adu_instances[2].adu_top_wrapper_1/adu_top_1/ADU_top__parameterized1__GC0:3480453168
/adu_instances[2].adu_top_wrapper_1/adu_top_1/adca_top_i/ddr_8to1_16chan_rx_proc[0].chan_rx/ddr_8to1_16chan_rx_gcu__parameterized3__GC0:2984344824
/adu_instances[2].adu_top_wrapper_1/adu_top_1/adcb_top_i/ddr_8to1_16chan_rx_proc[0].chan_rx/ddr_8to1_16chan_rx_gcu__parameterized4__GC0:2900642880
/adu_instances[1].adu_top_wrapper_1/adu_top_1/ADU_top__parameterized0__GC0:70210453
/adu_instances[1].adu_top_wrapper_1/adu_top_1/adca_top_i/adc_top__parameterized1__GC0:1601979202
/network_interface_i/payload_1/payload__GC0:1758763594
