case__131: 
case__132: 
logic__361: 
logic__83: 
reg__116: 
case__48: 
reg__122: 
case__186: 
reg: 
reg__4: 
logic__162: 
logic__322: 
case__179: 
reg__37: 
case__183: 
reg__71: 
logic__51: 
logic__259: 
logic__176: 
case__175: 
logic__67: 
case__41: 
logic__39: 
case__77: 
reg__102: 
case__124: 
logic__266: 
case__36: 
case__164: 
case__96: 
reg__63: 
reg__17: 
logic__244: 
datapath__11: 
reg__52: 
logic__44: 
case__94: 
logic__338: 
reg__75: 
reg__104: 
reg__18: 
reg__32: 
case__141: 
reg__112: 
case__144: 
case__134: 
reg__60: 
datapath__14: 
logic__10: 
reg__85: 
case__93: 
tri_mode_ethernet_mac_0_clk_wiz: 
uart_rx6: 
reg__9: 
reg__94: 
case: 
reg__15: 
reg__101: 
reg__6: 
logic__357: 
logic__304: 
case__123: 
reg__111: 
logic__57: 
case__15: 
case__11: 
case__14: 
reg__76: 
logic__35: 
logic__64: 
case__87: 
reg__33: 
reg__113: 
logic__31: 
case__47: 
datapath__13: 
case__12: 
reg__97: 
reg__45: 
reg__96: 
reg__91: 
reg__89: 
tri_mode_ethernet_mac_0_support_resets: 
tri_mode_ethernet_mac_0_tx_client_fifo: 
logic__315: 
reg__110: 
counter: 
case__85: 
reg__68: 
signinv__1: 
logic__3: 
logic__355: 
logic__262: 
reg__72: 
case__174: 
logic__362: 
reg__107: 
case__136: 
logic__344: 
reg__46: 
case__92: 
reg__3: 
reg__8: 
case__161: 
logic__305: 
datapath__7: 
case__44: 
reg__19: 
case__78: 
reg__90: 
counter__1: 
counter__6: 
case__53: 
datapath__6: 
case__103: 
reg__125: 
case__184: 
reg__118: 
logic__226: 
logic__175: 
reg__93: 
case__129: 
datapath__4: 
case__122: 
kcpsm6: 
case__181: 
logic__340: 
logic__309: 
case__42: 
logic__43: 
case__26: 
reg__11: 
case__30: 
reg__109: 
case__84: 
reg__53: 
case__173: 
case__91: 
logic__248: 
reg__115: 
reg__62: 
case__142: 
keep__3: 
reg__87: 
logic__348: 
reg__31: 
case__125: 
reg__121: 
datapath: 
reg__59: 
case__13: 
reg__117: 
tri_mode_ethernet_mac_0_ten_100_1g_eth_fifo: 
case__83: 
datapath__5: 
reg__20: 
reg__124: 
uart_tx6: 
reg__79: 
logic__5: 
datapath__3: 
logic__163: 
case__25: 
logic__356: 
reg__26: 
case__43: 
reg__36: 
case__90: 
reg__29: 
keep__2: 
reg__120: 
reg__39: 
reg__35: 
reg__127: 
case__101: 
datapath__12: 
case__138: 
case__7: 
logic__54: 
logic__363: 
case__10: 
logic__318: 
case__8: 
case__35: 
logic__299: 
reg__77: 
counter__8: 
case__80: 
reg__27: 
logic__182: 
logic__358: 
reg__55: 
reg__30: 
reg__99: 
logic__40: 
logic__76: 
logic__246: 
reg__69: 
reg__50: 
reg__47: 
addsub__1: 
tri_mode_ethernet_mac_0_sync_block: 
tri_mode_ethernet_mac_0_fifo_block: 
case__81: 
case__133: 
logic__335: 
logic__327: 
logic__170: 
reg__114: 
logic__236: 
reg__40: 
case__172: 
reg__54: 
extram: 
case__98: 
reg__119: 
reg__100: 
reg__48: 
reg__126: 
case__165: 
signinv: 
muxpart: 
case__50: 
tri_mode_ethernet_mac_0_example_design_resets: 
logic__255: 
reg__24: 
reg__128: 
reg__28: 
reg__73: 
tri_mode_ethernet_mac_0_rx_client_fifo: 
case__32: 
case__166: 
reg__98: 
logic__8: 
logic__4: 
case__40: 
tri_mode_ethernet_mac_0_example_design: 
reg__2: 
tri_mode_ethernet_mac_0_support: 
case__49: 
logic__171: 
reg__78: 
reg__80: 
counter__2: 
signinv__2: 
case__121: 
case__79: 
logic__38: 
logic__223: 
case__105: 
logic__300: 
logic__354: 
tri_mode_ethernet_mac_0_support_clocking: 
logic__181: 
reg__86: 
keep: 
logic__326: 
reg__129: 
tri_mode_ethernet_mac_0_bram_tdp: 
logic__9: 
logic__247: 
logic__180: 
logic__68: 
logic__263: 
case__19: 
datapath__15: 
case__180: 
case__82: 
case__162: 
case__21: 
reg__23: 
case__76: 
datapath__2: 
case__38: 
top: 
logic__84: 
case__31: 
case__18: 
logic__222: 
logic__229: 
logic__232: 
case__29: 
rom: 
reg__38: 
case__102: 
case__97: 
case__74: 
reg__49: 
reg__1: 
reg__84: 
logic__339: 
case__5: 
case__37: 
reg__95: 
case__99: 
reg__5: 
case__28: 
reg__44: 
clock_manager: 
logic__167: 
clock_man: 
logic__6: 
reg__108: 
logic__249: 
reg__88: 
datapath__10: 
case__45: 
logic__70: 
muxpart__57: 
reg__70: 
case__16: 
case__17: 
counter__3: 
case__52: 
case__104: 
reg__25: 
reg__74: 
reg__83: 
case__126: 
logic__32: 
datapath__9: 
tri_mode_ethernet_mac_0_reset_sync: 
reg__67: 
logic__245: 
reg__123: 
reg__34: 
case__20: 
logic__50: 
case__54: 
reg__92: 
reg__64: 
logic__349: 
case__139: 
case__160: 
case__188: 
case__46: 
case__170: 
logic__60: 
logic__350: 
reg__103: 
case__86: 
counter__9: 
logic__75: 
reg__51: 
logic__345: 
logic__80: 
logic__301: 
logic__69: 
top_eth_test: 
reg__105: 
case__39: 
case__75: 
reg__7: 
case__22: 
reg__12: 
datapath__8: 
reg__16: 
reg__66: 
keep__1: 
reg__41: 
case__127: 
datapath__1: 
tri_mode_ethernet_mac_0_config_vector_sm: 
counter__7: 
counter__5: 
case__89: 
case__51: 
case__88: 
logic__49: 
case__130: 
logic__341: 
logic__61: 
logic__74: 
logic__252: 
logic__256: 
counter__4: 
reg__61: 
addsub: 
case__177: 
case__33: 
case__100: 
case__27: 
logic__14: 
tri_mode_ethernet_mac_0_example_design_clocks: 
logic__237: 
logic__77: 
logic__7: 
logic: 
reg__58: 
logic__334: 
case__23: 
case__128: 
reg__106: 
case__34: 
reg__10: 
reg__65: 
logic__13: 
