ddr_8to1_16chan_rx_gcu__parameterized4: ddr_8to1_16chan_rx_gcu__parameterized4__GC0, 
adc_top__parameterized1: adc_top__parameterized1__GC0, ddr_8to1_16chan_rx_gcu__parameterized1__GC0, 
network_interface: network_interface__GC0, payload__GC0, ipbus_subsys__GB1, ipbus_subsys__GB0, 
ADU_top__parameterized1: ADU_top__parameterized1__GC0, adc_top__parameterized4__GC0, ddr_8to1_16chan_rx_gcu__parameterized4__GC0, adc_top__parameterized3__GC0, ddr_8to1_16chan_rx_gcu__parameterized3__GC0, 
ipbus_subsys: ipbus_subsys__GB1, ipbus_subsys__GB0, 
adc_top__parameterized0: adc_top__parameterized0__GC0, ddr_8to1_16chan_rx_gcu__parameterized0__GC0, 
adc_top__parameterized2: adc_top__parameterized2__GC0, ddr_8to1_16chan_rx_gcu__parameterized2__GC0, 
top_level: top_level__GC0, 
ddr_8to1_16chan_rx_gcu__parameterized2: ddr_8to1_16chan_rx_gcu__parameterized2__GC0, 
adc_top: adc_top__GC0, ddr_8to1_16chan_rx_gcu__GC0, 
adc_top__parameterized3: adc_top__parameterized3__GC0, ddr_8to1_16chan_rx_gcu__parameterized3__GC0, 
ddr_8to1_16chan_rx_gcu__parameterized3: ddr_8to1_16chan_rx_gcu__parameterized3__GC0, 
adu_top_wrapper__parameterized0: ADU_top__parameterized0__GC0, adc_top__parameterized2__GC0, ddr_8to1_16chan_rx_gcu__parameterized2__GC0, adc_top__parameterized1__GC0, ddr_8to1_16chan_rx_gcu__parameterized1__GC0, 
adu_top_wrapper: ADU_top__GC0, adc_top__parameterized0__GC0, ddr_8to1_16chan_rx_gcu__parameterized0__GC0, adc_top__GC0, ddr_8to1_16chan_rx_gcu__GC0, 
top_gcu1f3: ipbus_subsys__GB0, top_gcu1f3__GC0, ddr_8to1_16chan_rx_gcu__parameterized4__GC0, ipbus_subsys__GB1, ADU_top__GC0, adc_top__parameterized2__GC0, network_interface__GC0, adc_top__parameterized1__GC0, adc_top__parameterized0__GC0, top_level__GC0, ddr_8to1_16chan_rx_gcu__parameterized3__GC0, payload__GC0, ddr_8to1_16chan_rx_gcu__parameterized0__GC0, adc_top__parameterized3__GC0, adc_top__GC0, adc_top__parameterized4__GC0, ADU_top__parameterized1__GC0, ddr_8to1_16chan_rx_gcu__parameterized1__GC0, ddr_8to1_16chan_rx_gcu__GC0, ADU_top__parameterized0__GC0, ddr_8to1_16chan_rx_gcu__parameterized2__GC0, 
ddr_8to1_16chan_rx_gcu__parameterized0: ddr_8to1_16chan_rx_gcu__parameterized0__GC0, 
ADU_top: ADU_top__GC0, adc_top__parameterized0__GC0, ddr_8to1_16chan_rx_gcu__parameterized0__GC0, adc_top__GC0, ddr_8to1_16chan_rx_gcu__GC0, 
ddr_8to1_16chan_rx_gcu__parameterized1: ddr_8to1_16chan_rx_gcu__parameterized1__GC0, 
ddr_8to1_16chan_rx_gcu: ddr_8to1_16chan_rx_gcu__GC0, 
ADU_top__parameterized0: ADU_top__parameterized0__GC0, adc_top__parameterized2__GC0, ddr_8to1_16chan_rx_gcu__parameterized2__GC0, adc_top__parameterized1__GC0, ddr_8to1_16chan_rx_gcu__parameterized1__GC0, 
adu_top_wrapper__parameterized1: ADU_top__parameterized1__GC0, adc_top__parameterized4__GC0, ddr_8to1_16chan_rx_gcu__parameterized4__GC0, adc_top__parameterized3__GC0, ddr_8to1_16chan_rx_gcu__parameterized3__GC0, 
adc_top__parameterized4: adc_top__parameterized4__GC0, ddr_8to1_16chan_rx_gcu__parameterized4__GC0, 
payload: payload__GC0, ipbus_subsys__GB1, ipbus_subsys__GB0, 
